
CommandNotFoundError: Your shell has not been properly configured to use 'conda activate'.
To initialize your shell, run

    $ conda init <SHELL_NAME>

Currently supported shells are:
  - bash
  - fish
  - tcsh
  - xonsh
  - zsh
  - powershell

See 'conda init --help' for more information and options.

IMPORTANT: You may need to close and restart your shell after running 'conda init'.


Loading required package: EpiModel
Loading required package: deSolve
Loading required package: networkDynamic
Loading required package: network

‘network’ 1.18.1 (2023-01-24), part of the Statnet Project
* ‘news(package="network")’ for changes since last version
* ‘citation("network")’ for citation information
* ‘https://statnet.org’ for help, support, and other information


‘networkDynamic’ 0.11.4 (2023-12-10?), part of the Statnet Project
* ‘news(package="networkDynamic")’ for changes since last version
* ‘citation("networkDynamic")’ for citation information
* ‘https://statnet.org’ for help, support, and other information

Loading required package: tergm
Loading required package: ergm

‘ergm’ 4.4.0 (2023-01-26), part of the Statnet Project
* ‘news(package="ergm")’ for changes since last version
* ‘citation("ergm")’ for citation information
* ‘https://statnet.org’ for help, support, and other information

‘ergm’ 4 is a major update that introduces some backwards-incompatible
changes. Please type ‘news(package="ergm")’ for a list of major
changes.

Registered S3 method overwritten by 'tergm':
  method                   from
  simulate_formula.network ergm

‘tergm’ 4.1.1 (2022-11-07), part of the Statnet Project
* ‘news(package="tergm")’ for changes since last version
* ‘citation("tergm")’ for citation information
* ‘https://statnet.org’ for help, support, and other information


Attaching package: ‘tergm’

The following object is masked from ‘package:ergm’:

    snctrl

Loading required package: statnet.common

Attaching package: ‘statnet.common’

The following object is masked from ‘package:ergm’:

    snctrl

The following objects are masked from ‘package:base’:

    attr, order


Attaching package: ‘EpiModelHIV’

The following objects are masked from ‘package:chiSTIGmodules’:

    edges_correct_msm, init_status_msm, init_sti_msm, reallocate_pcp,
    reinit_msm, riskhist_msm

Warning message:
package ‘reticulate’ was built under R version 4.3.3 

Attaching package: ‘dplyr’

The following objects are masked from ‘package:stats’:

    filter, lag

The following objects are masked from ‘package:base’:

    intersect, setdiff, setequal, union

Rows: 182 Columns: 4
── Column specification ────────────────────────────────────────────────────────
Delimiter: ","
chr (4): param, value, type, source

ℹ Use `spec()` to retrieve the full column specification for this data.
ℹ Specify the column types or set `show_col_types = FALSE` to quiet this message.
Error: unexpected ',' in "ber,"
Execution halted
