
CommandNotFoundError: Your shell has not been properly configured to use 'conda activate'.
To initialize your shell, run

    $ conda init <SHELL_NAME>

Currently supported shells are:
  - bash
  - fish
  - tcsh
  - xonsh
  - zsh
  - powershell

See 'conda init --help' for more information and options.

IMPORTANT: You may need to close and restart your shell after running 'conda init'.


R version 4.3.2 (2023-10-31) -- "Eye Holes"
Copyright (C) 2023 The R Foundation for Statistical Computing
Platform: x86_64-conda-linux-gnu (64-bit)

R is free software and comes with ABSOLUTELY NO WARRANTY.
You are welcome to redistribute it under the terms of the
GNU General Public License versions 2 or 3.
For more information about these matters see
https://www.gnu.org/licenses/.

0 02-edge-calibration.yaml 1 control main
Run number in SLURM array: 0.
YAML file name: 02-edge-calibration.yaml.
Calibration set number for ERGM fit: 1.
Treatment type for ERGM fit: control.
Partnership type for ERGM fit: main.
Array of random seeds for convergence attempts: 38 136 141 186 173 138 77 171 197 122.
Random seed is 38 for attempt 1 of 10...

Attaching package: ‘dplyr’

The following objects are masked from ‘package:stats’:

    filter, lag

The following objects are masked from ‘package:base’:

    intersect, setdiff, setequal, union

Loading required package: EpiModel
Loading required package: deSolve
Loading required package: networkDynamic
Loading required package: network

‘network’ 1.18.1 (2023-01-24), part of the Statnet Project
* ‘news(package="network")’ for changes since last version
* ‘citation("network")’ for citation information
* ‘https://statnet.org’ for help, support, and other information


‘networkDynamic’ 0.11.4 (2023-12-10?), part of the Statnet Project
* ‘news(package="networkDynamic")’ for changes since last version
* ‘citation("networkDynamic")’ for citation information
* ‘https://statnet.org’ for help, support, and other information

Loading required package: tergm
Loading required package: ergm

‘ergm’ 4.4.0 (2023-01-26), part of the Statnet Project
* ‘news(package="ergm")’ for changes since last version
* ‘citation("ergm")’ for citation information
* ‘https://statnet.org’ for help, support, and other information

‘ergm’ 4 is a major update that introduces some backwards-incompatible
changes. Please type ‘news(package="ergm")’ for a list of major
changes.

Registered S3 method overwritten by 'tergm':
  method                   from
  simulate_formula.network ergm

‘tergm’ 4.1.1 (2022-11-07), part of the Statnet Project
* ‘news(package="tergm")’ for changes since last version
* ‘citation("tergm")’ for citation information
* ‘https://statnet.org’ for help, support, and other information


Attaching package: ‘tergm’

The following object is masked from ‘package:ergm’:

    snctrl

Loading required package: statnet.common

Attaching package: ‘statnet.common’

The following object is masked from ‘package:ergm’:

    snctrl

The following objects are masked from ‘package:base’:

    attr, order

[1] "Random seed number: 38"
Fitting the CONTROL model for MAIN partnerships ...
Unable to match target stats. Using MCMLE estimation.
Starting maximum pseudolikelihood estimation (MPLE):
Evaluating the predictor and response matrix.
Maximizing the pseudolikelihood.
Finished MPLE.
Starting Monte Carlo maximum likelihood estimation (MCMLE):
Iteration 1 of at most 60:
Warning: ‘glpk’ selected as the solver, but package ‘Rglpk’ is not available; falling back to ‘lpSolveAPI’. This should be fine unless the sample size and/or the number of parameters is very big.
Optimizing with step length 0.0501.
The log-likelihood improved by 6.1551.
Estimating equations are not within tolerance region.
Iteration 2 of at most 60:
Optimizing with step length 0.0544.
The log-likelihood improved by 6.1835.
Estimating equations are not within tolerance region.
Iteration 3 of at most 60:
Optimizing with step length 0.0537.
The log-likelihood improved by 5.3865.
Estimating equations are not within tolerance region.
Iteration 4 of at most 60:
Optimizing with step length 0.0600.
The log-likelihood improved by 5.8137.
Estimating equations are not within tolerance region.
Iteration 5 of at most 60:
Optimizing with step length 0.0595.
The log-likelihood improved by 5.0486.
Estimating equations are not within tolerance region.
Iteration 6 of at most 60:
Optimizing with step length 0.0680.
The log-likelihood improved by 5.8852.
Estimating equations are not within tolerance region.
Iteration 7 of at most 60:
Optimizing with step length 0.0775.
The log-likelihood improved by 6.4448.
Estimating equations are not within tolerance region.
Iteration 8 of at most 60:
Optimizing with step length 0.0712.
The log-likelihood improved by 4.7688.
Estimating equations are not within tolerance region.
Iteration 9 of at most 60:
Optimizing with step length 0.0775.
The log-likelihood improved by 4.8541.
Estimating equations are not within tolerance region.
Iteration 10 of at most 60:
Optimizing with step length 0.0880.
The log-likelihood improved by 5.6448.
Estimating equations are not within tolerance region.
Iteration 11 of at most 60:
Optimizing with step length 0.0927.
The log-likelihood improved by 5.2727.
Estimating equations are not within tolerance region.
Iteration 12 of at most 60:
Optimizing with step length 0.1021.
The log-likelihood improved by 5.5584.
Estimating equations are not within tolerance region.
Iteration 13 of at most 60:
Optimizing with step length 0.1146.
The log-likelihood improved by 5.8318.
Estimating equations are not within tolerance region.
Iteration 14 of at most 60:
Optimizing with step length 0.1204.
The log-likelihood improved by 5.5268.
Estimating equations are not within tolerance region.
Iteration 15 of at most 60:
Optimizing with step length 0.1245.
The log-likelihood improved by 4.8331.
Estimating equations are not within tolerance region.
Iteration 16 of at most 60:
Optimizing with step length 0.1383.
The log-likelihood improved by 5.0149.
Estimating equations are not within tolerance region.
Iteration 17 of at most 60:
Optimizing with step length 0.1532.
The log-likelihood improved by 5.0180.
Estimating equations are not within tolerance region.
Iteration 18 of at most 60:
Optimizing with step length 0.1837.
The log-likelihood improved by 5.6422.
Estimating equations are not within tolerance region.
Iteration 19 of at most 60:
Optimizing with step length 0.2110.
The log-likelihood improved by 5.6274.
Estimating equations are not within tolerance region.
Iteration 20 of at most 60:
Optimizing with step length 0.2366.
The log-likelihood improved by 5.2070.
Estimating equations are not within tolerance region.
Iteration 21 of at most 60:
Optimizing with step length 0.2865.
The log-likelihood improved by 4.9977.
Estimating equations are not within tolerance region.
Iteration 22 of at most 60:
Optimizing with step length 0.3779.
The log-likelihood improved by 5.1746.
Estimating equations are not within tolerance region.
Iteration 23 of at most 60:
Optimizing with step length 0.5210.
The log-likelihood improved by 5.0615.
Estimating equations are not within tolerance region.
Iteration 24 of at most 60:
Optimizing with step length 0.9437.
The log-likelihood improved by 5.4916.
Estimating equations are not within tolerance region.
Iteration 25 of at most 60:
Optimizing with step length 1.0000.
The log-likelihood improved by 0.2326.
Estimating equations are not within tolerance region.
Iteration 26 of at most 60:
Optimizing with step length 1.0000.
The log-likelihood improved by 0.0020.
Convergence test p-value: < 0.0001. Converged with 99% confidence.
Finished MCMLE.
This model was fit using MCMC.  To examine model diagnostics and check
for degeneracy, use the mcmc.diagnostics() function.
Attempt 1 completed successfully.
Finished convergence attempts loop.
