
CommandNotFoundError: Your shell has not been properly configured to use 'conda activate'.
To initialize your shell, run

    $ conda init <SHELL_NAME>

Currently supported shells are:
  - bash
  - fish
  - tcsh
  - xonsh
  - zsh
  - powershell

See 'conda init --help' for more information and options.

IMPORTANT: You may need to close and restart your shell after running 'conda init'.


R version 4.3.2 (2023-10-31) -- "Eye Holes"
Copyright (C) 2023 The R Foundation for Statistical Computing
Platform: x86_64-conda-linux-gnu (64-bit)

R is free software and comes with ABSOLUTELY NO WARRANTY.
You are welcome to redistribute it under the terms of the
GNU General Public License versions 2 or 3.
For more information about these matters see
https://www.gnu.org/licenses/.

41 02-edge-calibration.yaml 4 apps onetime
Run number in SLURM array: 41.
YAML file name: 02-edge-calibration.yaml.
Calibration set number for ERGM fit: 4.
Treatment type for ERGM fit: apps.
Partnership type for ERGM fit: onetime.
Array of random seeds for convergence attempts: 38 136 141 186 173 138 77 171 197 122.
Random seed is 38 for attempt 1 of 10...

Attaching package: ‘dplyr’

The following objects are masked from ‘package:stats’:

    filter, lag

The following objects are masked from ‘package:base’:

    intersect, setdiff, setequal, union

Loading required package: EpiModel
Loading required package: deSolve
Loading required package: networkDynamic
Loading required package: network

‘network’ 1.18.1 (2023-01-24), part of the Statnet Project
* ‘news(package="network")’ for changes since last version
* ‘citation("network")’ for citation information
* ‘https://statnet.org’ for help, support, and other information


‘networkDynamic’ 0.11.4 (2023-12-10?), part of the Statnet Project
* ‘news(package="networkDynamic")’ for changes since last version
* ‘citation("networkDynamic")’ for citation information
* ‘https://statnet.org’ for help, support, and other information

Loading required package: tergm
Loading required package: ergm

‘ergm’ 4.4.0 (2023-01-26), part of the Statnet Project
* ‘news(package="ergm")’ for changes since last version
* ‘citation("ergm")’ for citation information
* ‘https://statnet.org’ for help, support, and other information

‘ergm’ 4 is a major update that introduces some backwards-incompatible
changes. Please type ‘news(package="ergm")’ for a list of major
changes.

Registered S3 method overwritten by 'tergm':
  method                   from
  simulate_formula.network ergm

‘tergm’ 4.1.1 (2022-11-07), part of the Statnet Project
* ‘news(package="tergm")’ for changes since last version
* ‘citation("tergm")’ for citation information
* ‘https://statnet.org’ for help, support, and other information


Attaching package: ‘tergm’

The following object is masked from ‘package:ergm’:

    snctrl

Loading required package: statnet.common

Attaching package: ‘statnet.common’

The following object is masked from ‘package:ergm’:

    snctrl

The following objects are masked from ‘package:base’:

    attr, order

[1] "Random seed number: 38"
Fitting the APPS only model for ONE-TIME partnerships ...
Unable to match target stats. Using MCMLE estimation.
Starting maximum pseudolikelihood estimation (MPLE):
Evaluating the predictor and response matrix.
Maximizing the pseudolikelihood.
Finished MPLE.
Starting Monte Carlo maximum likelihood estimation (MCMLE):
Iteration 1 of at most 60:
Model statistics ‘nodematch.age.grp.2’, ‘nodefactor.deg.tot.2’, and ‘fuzzynodematch.apps.all.TRUE’ are not varying. This may indicate that the observed data occupies an extreme point in the sample space or that the estimation has reached a dead-end configuration.
Warning: Model statistics ‘nodematch.age.grp.1’ are linear combinations of some set of preceding statistics at the current stage of the estimation. This may indicate that the model is nonidentifiable.
Warning: ‘glpk’ selected as the solver, but package ‘Rglpk’ is not available; falling back to ‘lpSolveAPI’. This should be fine unless the sample size and/or the number of parameters is very big.
Optimizing with step length 0.0679.
The log-likelihood improved by 3955450672897932023300096.0000.
Estimating equations are not within tolerance region.
Iteration 2 of at most 60:
Error in ergm.MCMLE(init, nw, model, initialfit = (initialfit <- NULL),  : 
  Number of edges in a simulated network exceeds that in the observed by a factor of more than 20. This is a strong indicator of model degeneracy or a very poor starting parameter configuration. If you are reasonably certain that neither of these is the case, increase the MCMLE.density.guard control.ergm() parameter.
Calls: <Anonymous> -> netest -> ergm -> ergm.MCMLE
In addition: Warning messages:
1: In mple.existence(pl) : The MPLE does not exist!
2: In ergm.mple(nw, fd, m, MPLEtype = MPLEtype, init = init, control = control,  :
  glm.fit: fitted probabilities numerically 0 or 1 occurred
Execution halted
Attempt 1 did not finish within the timeout period.
Random seed is 136 for attempt 2 of 10...

Attaching package: ‘dplyr’

The following objects are masked from ‘package:stats’:

    filter, lag

The following objects are masked from ‘package:base’:

    intersect, setdiff, setequal, union

Loading required package: EpiModel
Loading required package: deSolve
Loading required package: networkDynamic
Loading required package: network

‘network’ 1.18.1 (2023-01-24), part of the Statnet Project
* ‘news(package="network")’ for changes since last version
* ‘citation("network")’ for citation information
* ‘https://statnet.org’ for help, support, and other information


‘networkDynamic’ 0.11.4 (2023-12-10?), part of the Statnet Project
* ‘news(package="networkDynamic")’ for changes since last version
* ‘citation("networkDynamic")’ for citation information
* ‘https://statnet.org’ for help, support, and other information

Loading required package: tergm
Loading required package: ergm

‘ergm’ 4.4.0 (2023-01-26), part of the Statnet Project
* ‘news(package="ergm")’ for changes since last version
* ‘citation("ergm")’ for citation information
* ‘https://statnet.org’ for help, support, and other information

‘ergm’ 4 is a major update that introduces some backwards-incompatible
changes. Please type ‘news(package="ergm")’ for a list of major
changes.

Registered S3 method overwritten by 'tergm':
  method                   from
  simulate_formula.network ergm

‘tergm’ 4.1.1 (2022-11-07), part of the Statnet Project
* ‘news(package="tergm")’ for changes since last version
* ‘citation("tergm")’ for citation information
* ‘https://statnet.org’ for help, support, and other information


Attaching package: ‘tergm’

The following object is masked from ‘package:ergm’:

    snctrl

Loading required package: statnet.common

Attaching package: ‘statnet.common’

The following object is masked from ‘package:ergm’:

    snctrl

The following objects are masked from ‘package:base’:

    attr, order

[1] "Random seed number: 136"
Fitting the APPS only model for ONE-TIME partnerships ...
Unable to match target stats. Using MCMLE estimation.
Starting maximum pseudolikelihood estimation (MPLE):
Evaluating the predictor and response matrix.
Maximizing the pseudolikelihood.
Finished MPLE.
Starting Monte Carlo maximum likelihood estimation (MCMLE):
Iteration 1 of at most 60:
Warning: ‘glpk’ selected as the solver, but package ‘Rglpk’ is not available; falling back to ‘lpSolveAPI’. This should be fine unless the sample size and/or the number of parameters is very big.
Optimizing with step length 0.3209.
The log-likelihood improved by 5.4956.
Estimating equations are not within tolerance region.
Iteration 2 of at most 60:
Optimizing with step length 0.3838.
The log-likelihood improved by 4.6972.
Estimating equations are not within tolerance region.
Iteration 3 of at most 60:
Optimizing with step length 0.4947.
The log-likelihood improved by 4.5153.
Estimating equations are not within tolerance region.
Iteration 4 of at most 60:
Optimizing with step length 0.7927.
The log-likelihood improved by 5.1391.
Estimating equations are not within tolerance region.
Iteration 5 of at most 60:
Optimizing with step length 1.0000.
The log-likelihood improved by 1.4962.
Estimating equations are not within tolerance region.
Iteration 6 of at most 60:
Optimizing with step length 1.0000.
The log-likelihood improved by 0.0327.
Convergence test p-value: < 0.0001. Converged with 99% confidence.
Finished MCMLE.
This model was fit using MCMC.  To examine model diagnostics and check
for degeneracy, use the mcmc.diagnostics() function.
Attempt 2 completed successfully.
Finished convergence attempts loop.
