
CommandNotFoundError: Your shell has not been properly configured to use 'conda activate'.
To initialize your shell, run

    $ conda init <SHELL_NAME>

Currently supported shells are:
  - bash
  - fish
  - tcsh
  - xonsh
  - zsh
  - powershell

See 'conda init --help' for more information and options.

IMPORTANT: You may need to close and restart your shell after running 'conda init'.


R version 4.3.2 (2023-10-31) -- "Eye Holes"
Copyright (C) 2023 The R Foundation for Statistical Computing
Platform: x86_64-conda-linux-gnu (64-bit)

R is free software and comes with ABSOLUTELY NO WARRANTY.
You are welcome to redistribute it under the terms of the
GNU General Public License versions 2 or 3.
For more information about these matters see
https://www.gnu.org/licenses/.

90 02-edge-calibration.yaml 8 venues main
Run number in SLURM array: 90.
YAML file name: 02-edge-calibration.yaml.
Calibration set number for ERGM fit: 8.
Treatment type for ERGM fit: venues.
Partnership type for ERGM fit: main.
Array of random seeds for convergence attempts: 38 136 141 186 173 138 77 171 197 122.
Random seed is 38 for attempt 1 of 10...

Attaching package: ‘dplyr’

The following objects are masked from ‘package:stats’:

    filter, lag

The following objects are masked from ‘package:base’:

    intersect, setdiff, setequal, union

Loading required package: EpiModel
Loading required package: deSolve
Loading required package: networkDynamic
Loading required package: network

‘network’ 1.18.1 (2023-01-24), part of the Statnet Project
* ‘news(package="network")’ for changes since last version
* ‘citation("network")’ for citation information
* ‘https://statnet.org’ for help, support, and other information


‘networkDynamic’ 0.11.4 (2023-12-10?), part of the Statnet Project
* ‘news(package="networkDynamic")’ for changes since last version
* ‘citation("networkDynamic")’ for citation information
* ‘https://statnet.org’ for help, support, and other information

Loading required package: tergm
Loading required package: ergm

‘ergm’ 4.4.0 (2023-01-26), part of the Statnet Project
* ‘news(package="ergm")’ for changes since last version
* ‘citation("ergm")’ for citation information
* ‘https://statnet.org’ for help, support, and other information

‘ergm’ 4 is a major update that introduces some backwards-incompatible
changes. Please type ‘news(package="ergm")’ for a list of major
changes.

Registered S3 method overwritten by 'tergm':
  method                   from
  simulate_formula.network ergm

‘tergm’ 4.1.1 (2022-11-07), part of the Statnet Project
* ‘news(package="tergm")’ for changes since last version
* ‘citation("tergm")’ for citation information
* ‘https://statnet.org’ for help, support, and other information


Attaching package: ‘tergm’

The following object is masked from ‘package:ergm’:

    snctrl

Loading required package: statnet.common

Attaching package: ‘statnet.common’

The following object is masked from ‘package:ergm’:

    snctrl

The following objects are masked from ‘package:base’:

    attr, order

[1] "Random seed number: 38"
Fitting the VENUES only model for MAIN partnerships ...
Unable to match target stats. Using MCMLE estimation.
Starting maximum pseudolikelihood estimation (MPLE):
Evaluating the predictor and response matrix.
Maximizing the pseudolikelihood.
Finished MPLE.
Starting Monte Carlo maximum likelihood estimation (MCMLE):
Iteration 1 of at most 60:
Warning: ‘glpk’ selected as the solver, but package ‘Rglpk’ is not available; falling back to ‘lpSolveAPI’. This should be fine unless the sample size and/or the number of parameters is very big.
Optimizing with step length 0.0331.
The log-likelihood improved by 6.8238.
Estimating equations are not within tolerance region.
Iteration 2 of at most 60:
Optimizing with step length 0.0340.
The log-likelihood improved by 5.0426.
Estimating equations are not within tolerance region.
Iteration 3 of at most 60:
Optimizing with step length 0.0426.
The log-likelihood improved by 5.8370.
Estimating equations are not within tolerance region.
Iteration 4 of at most 60:
Optimizing with step length 0.0460.
The log-likelihood improved by 5.1686.
Estimating equations are not within tolerance region.
Iteration 5 of at most 60:
Optimizing with step length 0.0606.
The log-likelihood improved by 6.7045.
Estimating equations are not within tolerance region.
Iteration 6 of at most 60:
Optimizing with step length 0.0654.
The log-likelihood improved by 5.8862.
Estimating equations are not within tolerance region.
Iteration 7 of at most 60:
Optimizing with step length 0.0737.
The log-likelihood improved by 5.6206.
Estimating equations are not within tolerance region.
Iteration 8 of at most 60:
Optimizing with step length 0.0840.
The log-likelihood improved by 5.5899.
Estimating equations are not within tolerance region.
Iteration 9 of at most 60:
Optimizing with step length 0.0958.
The log-likelihood improved by 5.5765.
Estimating equations are not within tolerance region.
Iteration 10 of at most 60:
Optimizing with step length 0.1131.
The log-likelihood improved by 5.6880.
Estimating equations are not within tolerance region.
Iteration 11 of at most 60:
Optimizing with step length 0.1329.
The log-likelihood improved by 5.7480.
Estimating equations are not within tolerance region.
Iteration 12 of at most 60:
Optimizing with step length 0.1506.
The log-likelihood improved by 5.3982.
Estimating equations are not within tolerance region.
Iteration 13 of at most 60:
Optimizing with step length 0.1951.
The log-likelihood improved by 6.1400.
Estimating equations are not within tolerance region.
Iteration 14 of at most 60:
Optimizing with step length 0.2224.
The log-likelihood improved by 4.9343.
Estimating equations are not within tolerance region.
Iteration 15 of at most 60:
Optimizing with step length 0.3021.
The log-likelihood improved by 5.6618.
Estimating equations are not within tolerance region.
Iteration 16 of at most 60:
Optimizing with step length 0.4173.
The log-likelihood improved by 5.0999.
Estimating equations are not within tolerance region.
Iteration 17 of at most 60:
Optimizing with step length 0.6756.
The log-likelihood improved by 5.1461.
Estimating equations are not within tolerance region.
Iteration 18 of at most 60:
Optimizing with step length 1.0000.
The log-likelihood improved by 1.8061.
Estimating equations are not within tolerance region.
Iteration 19 of at most 60:
Optimizing with step length 1.0000.
The log-likelihood improved by 0.0503.
Convergence test p-value: < 0.0001. Converged with 99% confidence.
Finished MCMLE.
This model was fit using MCMC.  To examine model diagnostics and check
for degeneracy, use the mcmc.diagnostics() function.
Attempt 1 completed successfully.
Finished convergence attempts loop.
